AR sboxes behavior "C:/Users/Filicz/Documents/workspace/ISE Projects/DES/sboxes.vhd" sub00/vhpl37 1530309488
EN sboxes NULL "C:/Users/Filicz/Documents/workspace/ISE Projects/DES/sboxes.vhd" sub00/vhpl36 1530309487
AR sbox_3 behavior "C:/Users/Filicz/Documents/workspace/ISE Projects/DES/sbox_3.vhd" sub00/vhpl23 1530309478
AR syncreg behavioral "C:/Users/Filicz/Documents/workspace/ISE Projects/DES/syncReg.vhd" sub00/vhpl39 1530351796
AR rotr1 behavioral "C:/Users/Filicz/Documents/workspace/ISE Projects/DES/rotR1.vhd" sub00/vhpl13 1530308995
EN revip NULL "C:/Users/Filicz/Documents/workspace/ISE Projects/DES/revIP.vhd" sub00/vhpl10 1530308961
AR xor48 behavioral "C:/Users/Filicz/Documents/workspace/ISE Projects/DES/xor48.vhd" sub00/vhpl33 1530309149
AR pc2 behavior "C:/Users/Filicz/Documents/workspace/ISE Projects/DES/PC2.vhd" sub00/vhpl05 1530308928
AR sbox_2 behavior "C:/Users/Filicz/Documents/workspace/ISE Projects/DES/sbox_2.vhd" sub00/vhpl21 1530309476
EN rotr1 NULL "C:/Users/Filicz/Documents/workspace/ISE Projects/DES/rotR1.vhd" sub00/vhpl12 1530308994
EN ip NULL "C:/Users/Filicz/Documents/workspace/ISE Projects/DES/IP.vhd" sub00/vhpl00 1530308896
EN rotr2 NULL "C:/Users/Filicz/Documents/workspace/ISE Projects/DES/rotR2.vhd" sub00/vhpl14 1530357704
EN pc1 NULL "C:/Users/Filicz/Documents/workspace/ISE Projects/DES/PC1.vhd" sub00/vhpl02 1530308918
EN pc2 NULL "C:/Users/Filicz/Documents/workspace/ISE Projects/DES/PC2.vhd" sub00/vhpl04 1530308927
AR ip behavior "C:/Users/Filicz/Documents/workspace/ISE Projects/DES/IP.vhd" sub00/vhpl01 1530308897
AR sbox_7 behavior "C:/Users/Filicz/Documents/workspace/ISE Projects/DES/sbox_7.vhd" sub00/vhpl31 1530309486
AR pc1 behavior "C:/Users/Filicz/Documents/workspace/ISE Projects/DES/PC1.vhd" sub00/vhpl03 1530308919
EN expp NULL "C:/Users/Filicz/Documents/workspace/ISE Projects/DES/expP.vhd" sub00/vhpl06 1530308940
AR expp behavior "C:/Users/Filicz/Documents/workspace/ISE Projects/DES/expP.vhd" sub00/vhpl07 1530308941
AR sbox_1 behavior "C:/Users/Filicz/Documents/workspace/ISE Projects/DES/sbox_1.vhd" sub00/vhpl19 1530309474
AR pblockp behavior "C:/Users/Filicz/Documents/workspace/ISE Projects/DES/pblockP.vhd" sub00/vhpl09 1530308953
EN sbox_0 NULL "C:/Users/Filicz/Documents/workspace/ISE Projects/DES/sbox_0.vhd" sub00/vhpl16 1530309471
AR sbox_6 behavior "C:/Users/Filicz/Documents/workspace/ISE Projects/DES/sbox_6.vhd" sub00/vhpl29 1530309484
EN sbox_1 NULL "C:/Users/Filicz/Documents/workspace/ISE Projects/DES/sbox_1.vhd" sub00/vhpl18 1530309473
EN sbox_2 NULL "C:/Users/Filicz/Documents/workspace/ISE Projects/DES/sbox_2.vhd" sub00/vhpl20 1530309475
EN sbox_3 NULL "C:/Users/Filicz/Documents/workspace/ISE Projects/DES/sbox_3.vhd" sub00/vhpl22 1530309477
EN sbox_4 NULL "C:/Users/Filicz/Documents/workspace/ISE Projects/DES/sbox_4.vhd" sub00/vhpl24 1530309479
EN sbox_5 NULL "C:/Users/Filicz/Documents/workspace/ISE Projects/DES/sbox_5.vhd" sub00/vhpl26 1530309481
EN sbox_6 NULL "C:/Users/Filicz/Documents/workspace/ISE Projects/DES/sbox_6.vhd" sub00/vhpl28 1530309483
EN sbox_7 NULL "C:/Users/Filicz/Documents/workspace/ISE Projects/DES/sbox_7.vhd" sub00/vhpl30 1530309485
AR rotr2 behavioral "C:/Users/Filicz/Documents/workspace/ISE Projects/DES/rotR2.vhd" sub00/vhpl15 1530357705
AR sbox_0 behavior "C:/Users/Filicz/Documents/workspace/ISE Projects/DES/sbox_0.vhd" sub00/vhpl17 1530309472
EN xorlr NULL "C:/Users/Filicz/Documents/workspace/ISE Projects/DES/xorLR.vhd" sub00/vhpl34 1530309156
EN syncreg NULL "C:/Users/Filicz/Documents/workspace/ISE Projects/DES/syncReg.vhd" sub00/vhpl38 1530351795
AR sbox_5 behavior "C:/Users/Filicz/Documents/workspace/ISE Projects/DES/sbox_5.vhd" sub00/vhpl27 1530309482
AR xorlr behavioral "C:/Users/Filicz/Documents/workspace/ISE Projects/DES/xorLR.vhd" sub00/vhpl35 1530309157
AR revip behavior "C:/Users/Filicz/Documents/workspace/ISE Projects/DES/revIP.vhd" sub00/vhpl11 1530308962
EN xor48 NULL "C:/Users/Filicz/Documents/workspace/ISE Projects/DES/xor48.vhd" sub00/vhpl32 1530309148
AR sbox_4 behavior "C:/Users/Filicz/Documents/workspace/ISE Projects/DES/sbox_4.vhd" sub00/vhpl25 1530309480
EN pblockp NULL "C:/Users/Filicz/Documents/workspace/ISE Projects/DES/pblockP.vhd" sub00/vhpl08 1530308952
