EN des_decoder NULL "C:/Users/Filicz/Documents/workspace/ISE Projects/DES/DES_Decoder.vhf" sub00/vhpl44 1530362950
AR sboxes behavior "C:/Users/Filicz/Documents/workspace/ISE Projects/DES/sboxes.vhd" sub00/vhpl37 1530362929
EN sboxes NULL "C:/Users/Filicz/Documents/workspace/ISE Projects/DES/sboxes.vhd" sub00/vhpl36 1530362928
AR sbox_3 behavior "C:/Users/Filicz/Documents/workspace/ISE Projects/DES/sbox_3.vhd" sub00/vhpl23 1530362915
AR syncreg behavioral "C:/Users/Filicz/Documents/workspace/ISE Projects/DES/syncReg.vhd" sub00/vhpl39 1530362941
AR rotr1 behavioral "C:/Users/Filicz/Documents/workspace/ISE Projects/DES/rotR1.vhd" sub00/vhpl13 1530362943
EN revip NULL "C:/Users/Filicz/Documents/workspace/ISE Projects/DES/revIP.vhd" sub00/vhpl10 1530362946
AR xor48 behavioral "C:/Users/Filicz/Documents/workspace/ISE Projects/DES/xor48.vhd" sub00/vhpl33 1530362927
AR pc2 behavior "C:/Users/Filicz/Documents/workspace/ISE Projects/DES/PC2.vhd" sub00/vhpl05 1530362939
AR sbox_2 behavior "C:/Users/Filicz/Documents/workspace/ISE Projects/DES/sbox_2.vhd" sub00/vhpl21 1530362913
EN rotr1 NULL "C:/Users/Filicz/Documents/workspace/ISE Projects/DES/rotR1.vhd" sub00/vhpl12 1530362942
EN ip NULL "C:/Users/Filicz/Documents/workspace/ISE Projects/DES/IP.vhd" sub00/vhpl00 1530362934
EN rotr2 NULL "C:/Users/Filicz/Documents/workspace/ISE Projects/DES/rotR2.vhd" sub00/vhpl14 1530362944
EN pc1 NULL "C:/Users/Filicz/Documents/workspace/ISE Projects/DES/PC1.vhd" sub00/vhpl02 1530362936
EN pc2 NULL "C:/Users/Filicz/Documents/workspace/ISE Projects/DES/PC2.vhd" sub00/vhpl04 1530362938
AR ip behavior "C:/Users/Filicz/Documents/workspace/ISE Projects/DES/IP.vhd" sub00/vhpl01 1530362935
AR sbox_7 behavior "C:/Users/Filicz/Documents/workspace/ISE Projects/DES/sbox_7.vhd" sub00/vhpl31 1530362923
AR pc1 behavior "C:/Users/Filicz/Documents/workspace/ISE Projects/DES/PC1.vhd" sub00/vhpl03 1530362937
EN expp NULL "C:/Users/Filicz/Documents/workspace/ISE Projects/DES/expP.vhd" sub00/vhpl06 1530362924
AR expp behavior "C:/Users/Filicz/Documents/workspace/ISE Projects/DES/expP.vhd" sub00/vhpl07 1530362925
AR sbox_1 behavior "C:/Users/Filicz/Documents/workspace/ISE Projects/DES/sbox_1.vhd" sub00/vhpl19 1530362911
AR pblockp behavior "C:/Users/Filicz/Documents/workspace/ISE Projects/DES/pblockP.vhd" sub00/vhpl09 1530362931
EN feistel_muser_des_decoder NULL "C:/Users/Filicz/Documents/workspace/ISE Projects/DES/DES_Decoder.vhf" sub00/vhpl42 1530362948
EN sbox_0 NULL "C:/Users/Filicz/Documents/workspace/ISE Projects/DES/sbox_0.vhd" sub00/vhpl16 1530362908
AR sbox_6 behavior "C:/Users/Filicz/Documents/workspace/ISE Projects/DES/sbox_6.vhd" sub00/vhpl29 1530362921
EN sbox_1 NULL "C:/Users/Filicz/Documents/workspace/ISE Projects/DES/sbox_1.vhd" sub00/vhpl18 1530362910
EN sbox_2 NULL "C:/Users/Filicz/Documents/workspace/ISE Projects/DES/sbox_2.vhd" sub00/vhpl20 1530362912
EN sbox_3 NULL "C:/Users/Filicz/Documents/workspace/ISE Projects/DES/sbox_3.vhd" sub00/vhpl22 1530362914
EN sbox_4 NULL "C:/Users/Filicz/Documents/workspace/ISE Projects/DES/sbox_4.vhd" sub00/vhpl24 1530362916
EN sbox_5 NULL "C:/Users/Filicz/Documents/workspace/ISE Projects/DES/sbox_5.vhd" sub00/vhpl26 1530362918
EN sbox_6 NULL "C:/Users/Filicz/Documents/workspace/ISE Projects/DES/sbox_6.vhd" sub00/vhpl28 1530362920
EN sbox_7 NULL "C:/Users/Filicz/Documents/workspace/ISE Projects/DES/sbox_7.vhd" sub00/vhpl30 1530362922
AR feistel behavioral "C:/Users/Filicz/Documents/workspace/ISE Projects/DES/Feistel.vhf" sub00/vhpl41 1530362953
AR rotr2 behavioral "C:/Users/Filicz/Documents/workspace/ISE Projects/DES/rotR2.vhd" sub00/vhpl15 1530362945
AR sbox_0 behavior "C:/Users/Filicz/Documents/workspace/ISE Projects/DES/sbox_0.vhd" sub00/vhpl17 1530362909
EN xorlr NULL "C:/Users/Filicz/Documents/workspace/ISE Projects/DES/xorLR.vhd" sub00/vhpl34 1530362932
EN syncreg NULL "C:/Users/Filicz/Documents/workspace/ISE Projects/DES/syncReg.vhd" sub00/vhpl38 1530362940
AR sbox_5 behavior "C:/Users/Filicz/Documents/workspace/ISE Projects/DES/sbox_5.vhd" sub00/vhpl27 1530362919
AR feistel_muser_des_decoder behavioral "C:/Users/Filicz/Documents/workspace/ISE Projects/DES/DES_Decoder.vhf" sub00/vhpl43 1530362949
EN feistel NULL "C:/Users/Filicz/Documents/workspace/ISE Projects/DES/Feistel.vhf" sub00/vhpl40 1530362952
AR xorlr behavioral "C:/Users/Filicz/Documents/workspace/ISE Projects/DES/xorLR.vhd" sub00/vhpl35 1530362933
AR revip behavior "C:/Users/Filicz/Documents/workspace/ISE Projects/DES/revIP.vhd" sub00/vhpl11 1530362947
EN xor48 NULL "C:/Users/Filicz/Documents/workspace/ISE Projects/DES/xor48.vhd" sub00/vhpl32 1530362926
AR sbox_4 behavior "C:/Users/Filicz/Documents/workspace/ISE Projects/DES/sbox_4.vhd" sub00/vhpl25 1530362917
EN pblockp NULL "C:/Users/Filicz/Documents/workspace/ISE Projects/DES/pblockP.vhd" sub00/vhpl08 1530362930
AR des_decoder behavioral "C:/Users/Filicz/Documents/workspace/ISE Projects/DES/DES_Decoder.vhf" sub00/vhpl45 1530362951
