EN des_decoder NULL "C:/Users/Filicz/Documents/workspace/ISE Projects/DES/DES_Decoder.vhf" sub00/vhpl50 1542465455
AR sboxes behavior "C:/Users/Filicz/Documents/workspace/ISE Projects/DES/sboxes.vhd" sub00/vhpl21 1542465416
EN sboxes NULL "C:/Users/Filicz/Documents/workspace/ISE Projects/DES/sboxes.vhd" sub00/vhpl20 1542465415
EN des_decoder_muser_des_cryptanalysis NULL "C:/Users/Filicz/Documents/workspace/ISE Projects/DES/DES_Cryptanalysis.vhf" sub00/vhpl44 1542465449
EN display NULL "C:/Users/Filicz/Documents/workspace/ISE Projects/DES/display.vhd" sub00/vhpl56 1542465441
AR keysyncreg behavioral "C:/Users/Filicz/Documents/workspace/ISE Projects/DES/keySyncReg.vhd" sub00/vhpl61 1542465422
AR sbox_3 behavior "C:/Users/Filicz/Documents/workspace/ISE Projects/DES/sbox_3.vhd" sub00/vhpl07 1542465402
EN feistel_muser_des_cryptanalysis NULL "C:/Users/Filicz/Documents/workspace/ISE Projects/DES/DES_Cryptanalysis.vhf" sub00/vhpl42 1542465447
AR syncreg behavioral "C:/Users/Filicz/Documents/workspace/ISE Projects/DES/syncReg.vhd" sub00/vhpl33 1542465430
AR rotr1 behavioral "C:/Users/Filicz/Documents/workspace/ISE Projects/DES/rotR1.vhd" sub00/vhpl35 1542465432
EN revip NULL "C:/Users/Filicz/Documents/workspace/ISE Projects/DES/revIP.vhd" sub00/vhpl38 1542465435
AR display behavioral "C:/Users/Filicz/Documents/workspace/ISE Projects/DES/display.vhd" sub00/vhpl57 1542465442
AR keybuffer_muser_des_cryptanalysis behavioral "C:/Users/Filicz/Documents/workspace/ISE Projects/DES/DES_Cryptanalysis.vhf" sub00/vhpl63 1542465446
EN cmppt NULL "C:/Users/Filicz/Documents/workspace/ISE Projects/DES/cmpPT.vhd" sub00/vhpl54 1542465437
AR xor48 behavioral "C:/Users/Filicz/Documents/workspace/ISE Projects/DES/xor48.vhd" sub00/vhpl19 1542465414
AR pc2 behavior "C:/Users/Filicz/Documents/workspace/ISE Projects/DES/PC2.vhd" sub00/vhpl31 1542465428
AR sbox_2 behavior "C:/Users/Filicz/Documents/workspace/ISE Projects/DES/sbox_2.vhd" sub00/vhpl05 1542465400
EN rotr1 NULL "C:/Users/Filicz/Documents/workspace/ISE Projects/DES/rotR1.vhd" sub00/vhpl34 1542465431
EN ip NULL "C:/Users/Filicz/Documents/workspace/ISE Projects/DES/IP.vhd" sub00/vhpl26 1542465423
EN rotr2 NULL "C:/Users/Filicz/Documents/workspace/ISE Projects/DES/rotR2.vhd" sub00/vhpl36 1542465433
EN inputmodule NULL "C:/Users/Filicz/Documents/workspace/ISE Projects/DES/inputModule.vhd" sub00/vhpl58 1542465443
EN pc1 NULL "C:/Users/Filicz/Documents/workspace/ISE Projects/DES/PC1.vhd" sub00/vhpl28 1542465425
EN keybuffer NULL "C:/Users/Filicz/Documents/workspace/ISE Projects/DES/keyBuffer.vhf" sub00/vhpl64 1542465457
EN pc2 NULL "C:/Users/Filicz/Documents/workspace/ISE Projects/DES/PC2.vhd" sub00/vhpl30 1542465427
AR ip behavior "C:/Users/Filicz/Documents/workspace/ISE Projects/DES/IP.vhd" sub00/vhpl27 1542465424
AR sbox_7 behavior "C:/Users/Filicz/Documents/workspace/ISE Projects/DES/sbox_7.vhd" sub00/vhpl15 1542465410
EN keybuffer_muser_des_cryptanalysis NULL "C:/Users/Filicz/Documents/workspace/ISE Projects/DES/DES_Cryptanalysis.vhf" sub00/vhpl62 1542465445
AR pc1 behavior "C:/Users/Filicz/Documents/workspace/ISE Projects/DES/PC1.vhd" sub00/vhpl29 1542465426
EN expp NULL "C:/Users/Filicz/Documents/workspace/ISE Projects/DES/expP.vhd" sub00/vhpl16 1542465411
AR expp behavior "C:/Users/Filicz/Documents/workspace/ISE Projects/DES/expP.vhd" sub00/vhpl17 1542465412
AR sbox_1 behavior "C:/Users/Filicz/Documents/workspace/ISE Projects/DES/sbox_1.vhd" sub00/vhpl03 1542465398
EN keygen NULL "C:/Users/Filicz/Documents/workspace/ISE Projects/DES/keyGen.vhd" sub00/vhpl40 1542465439
AR inputmodule behavioral "C:/Users/Filicz/Documents/workspace/ISE Projects/DES/inputModule.vhd" sub00/vhpl59 1542465444
AR pblockp behavior "C:/Users/Filicz/Documents/workspace/ISE Projects/DES/pblockP.vhd" sub00/vhpl23 1542465418
EN keysyncreg NULL "C:/Users/Filicz/Documents/workspace/ISE Projects/DES/keySyncReg.vhd" sub00/vhpl60 1542465421
EN feistel_muser_des_decoder NULL "C:/Users/Filicz/Documents/workspace/ISE Projects/DES/DES_Decoder.vhf" sub00/vhpl48 1542465453
EN sbox_0 NULL "C:/Users/Filicz/Documents/workspace/ISE Projects/DES/sbox_0.vhd" sub00/vhpl00 1542465395
AR sbox_6 behavior "C:/Users/Filicz/Documents/workspace/ISE Projects/DES/sbox_6.vhd" sub00/vhpl13 1542465408
EN sbox_1 NULL "C:/Users/Filicz/Documents/workspace/ISE Projects/DES/sbox_1.vhd" sub00/vhpl02 1542465397
EN sbox_2 NULL "C:/Users/Filicz/Documents/workspace/ISE Projects/DES/sbox_2.vhd" sub00/vhpl04 1542465399
AR des_cryptanalysis behavioral "C:/Users/Filicz/Documents/workspace/ISE Projects/DES/DES_Cryptanalysis.vhf" sub00/vhpl47 1542465452
EN sbox_3 NULL "C:/Users/Filicz/Documents/workspace/ISE Projects/DES/sbox_3.vhd" sub00/vhpl06 1542465401
EN sbox_4 NULL "C:/Users/Filicz/Documents/workspace/ISE Projects/DES/sbox_4.vhd" sub00/vhpl08 1542465403
EN sbox_5 NULL "C:/Users/Filicz/Documents/workspace/ISE Projects/DES/sbox_5.vhd" sub00/vhpl10 1542465405
EN sbox_6 NULL "C:/Users/Filicz/Documents/workspace/ISE Projects/DES/sbox_6.vhd" sub00/vhpl12 1542465407
EN sbox_7 NULL "C:/Users/Filicz/Documents/workspace/ISE Projects/DES/sbox_7.vhd" sub00/vhpl14 1542465409
AR feistel behavioral "C:/Users/Filicz/Documents/workspace/ISE Projects/DES/Feistel.vhf" sub00/vhpl53 1542465460
AR rotr2 behavioral "C:/Users/Filicz/Documents/workspace/ISE Projects/DES/rotR2.vhd" sub00/vhpl37 1542465434
AR sbox_0 behavior "C:/Users/Filicz/Documents/workspace/ISE Projects/DES/sbox_0.vhd" sub00/vhpl01 1542465396
EN xorlr NULL "C:/Users/Filicz/Documents/workspace/ISE Projects/DES/xorLR.vhd" sub00/vhpl24 1542465419
EN syncreg NULL "C:/Users/Filicz/Documents/workspace/ISE Projects/DES/syncReg.vhd" sub00/vhpl32 1542465429
AR sbox_5 behavior "C:/Users/Filicz/Documents/workspace/ISE Projects/DES/sbox_5.vhd" sub00/vhpl11 1542465406
AR cmppt behavioral "C:/Users/Filicz/Documents/workspace/ISE Projects/DES/cmpPT.vhd" sub00/vhpl55 1542465438
AR des_decoder_muser_des_cryptanalysis behavioral "C:/Users/Filicz/Documents/workspace/ISE Projects/DES/DES_Cryptanalysis.vhf" sub00/vhpl45 1542465450
EN des_cryptanalysis NULL "C:/Users/Filicz/Documents/workspace/ISE Projects/DES/DES_Cryptanalysis.vhf" sub00/vhpl46 1542465451
AR feistel_muser_des_decoder behavioral "C:/Users/Filicz/Documents/workspace/ISE Projects/DES/DES_Decoder.vhf" sub00/vhpl49 1542465454
EN feistel NULL "C:/Users/Filicz/Documents/workspace/ISE Projects/DES/Feistel.vhf" sub00/vhpl52 1542465459
AR xorlr behavioral "C:/Users/Filicz/Documents/workspace/ISE Projects/DES/xorLR.vhd" sub00/vhpl25 1542465420
AR revip behavior "C:/Users/Filicz/Documents/workspace/ISE Projects/DES/revIP.vhd" sub00/vhpl39 1542465436
EN xor48 NULL "C:/Users/Filicz/Documents/workspace/ISE Projects/DES/xor48.vhd" sub00/vhpl18 1542465413
AR sbox_4 behavior "C:/Users/Filicz/Documents/workspace/ISE Projects/DES/sbox_4.vhd" sub00/vhpl09 1542465404
AR keygen behavioral "C:/Users/Filicz/Documents/workspace/ISE Projects/DES/keyGen.vhd" sub00/vhpl41 1542465440
EN pblockp NULL "C:/Users/Filicz/Documents/workspace/ISE Projects/DES/pblockP.vhd" sub00/vhpl22 1542465417
AR keybuffer behavioral "C:/Users/Filicz/Documents/workspace/ISE Projects/DES/keyBuffer.vhf" sub00/vhpl65 1542465458
AR feistel_muser_des_cryptanalysis behavioral "C:/Users/Filicz/Documents/workspace/ISE Projects/DES/DES_Cryptanalysis.vhf" sub00/vhpl43 1542465448
AR des_decoder behavioral "C:/Users/Filicz/Documents/workspace/ISE Projects/DES/DES_Decoder.vhf" sub00/vhpl51 1542465456
