V3 157
FL "C:/Users/Filicz/Documents/workspace/ISE Projects/DES/cmpPT.vhd" 2018/11/06.13:44:04 P.20131013
EN work/cmpPT 1542465437 \
      FL "C:/Users/Filicz/Documents/workspace/ISE Projects/DES/cmpPT.vhd" \
      PB ieee/std_logic_1164 1381692176
AR work/cmpPT/Behavioral 1542465438 \
      FL "C:/Users/Filicz/Documents/workspace/ISE Projects/DES/cmpPT.vhd" \
      EN work/cmpPT 1542465437
FL "C:/Users/Filicz/Documents/workspace/ISE Projects/DES/DES_Cryptanalysis.vhf" 2018/11/06.15:53:44 P.20131013
EN work/keyBuffer_MUSER_DES_Cryptanalysis 1542465445 \
      FL "C:/Users/Filicz/Documents/workspace/ISE Projects/DES/DES_Cryptanalysis.vhf" \
      PB ieee/std_logic_1164 1381692176 PB ieee/NUMERIC_STD 1381692181 LB UNISIM \
      PH unisim/VCOMPONENTS 1381692182
AR work/keyBuffer_MUSER_DES_Cryptanalysis/BEHAVIORAL 1542465446 \
      FL "C:/Users/Filicz/Documents/workspace/ISE Projects/DES/DES_Cryptanalysis.vhf" \
      EN work/keyBuffer_MUSER_DES_Cryptanalysis 1542465445 CP keySyncReg
EN work/Feistel_MUSER_DES_Cryptanalysis 1542465447 \
      FL "C:/Users/Filicz/Documents/workspace/ISE Projects/DES/DES_Cryptanalysis.vhf" \
      PB ieee/std_logic_1164 1381692176 PB ieee/NUMERIC_STD 1381692181 LB UNISIM \
      PH unisim/VCOMPONENTS 1381692182
AR work/Feistel_MUSER_DES_Cryptanalysis/BEHAVIORAL 1542465448 \
      FL "C:/Users/Filicz/Documents/workspace/ISE Projects/DES/DES_Cryptanalysis.vhf" \
      EN work/Feistel_MUSER_DES_Cryptanalysis 1542465447 CP expP CP xor48 CP sboxes \
      CP pblockP CP xorLR
EN work/DES_Decoder_MUSER_DES_Cryptanalysis 1542465449 \
      FL "C:/Users/Filicz/Documents/workspace/ISE Projects/DES/DES_Cryptanalysis.vhf" \
      PB ieee/std_logic_1164 1381692176 PB ieee/NUMERIC_STD 1381692181 LB UNISIM \
      PH unisim/VCOMPONENTS 1381692182
AR work/DES_Decoder_MUSER_DES_Cryptanalysis/BEHAVIORAL 1542465450 \
      FL "C:/Users/Filicz/Documents/workspace/ISE Projects/DES/DES_Cryptanalysis.vhf" \
      EN work/DES_Decoder_MUSER_DES_Cryptanalysis 1542465449 CP IP \
      CP Feistel_MUSER_DES_Cryptanalysis CP PC1 CP PC2 CP syncReg CP rotR1 CP rotR2 \
      CP revIP
EN work/DES_Cryptanalysis 1542465451 \
      FL "C:/Users/Filicz/Documents/workspace/ISE Projects/DES/DES_Cryptanalysis.vhf" \
      PB ieee/std_logic_1164 1381692176 PB ieee/NUMERIC_STD 1381692181 LB UNISIM \
      PH unisim/VCOMPONENTS 1381692182
AR work/DES_Cryptanalysis/BEHAVIORAL 1542465452 \
      FL "C:/Users/Filicz/Documents/workspace/ISE Projects/DES/DES_Cryptanalysis.vhf" \
      EN work/DES_Cryptanalysis 1542465451 CP DES_Decoder_MUSER_DES_Cryptanalysis \
      CP cmpPT CP LCD2x64 CP keyBuffer_MUSER_DES_Cryptanalysis CP keyGen CP display \
      CP AND2 CP PS2_Kbd CP inputModule
FL "C:/Users/Filicz/Documents/workspace/ISE Projects/DES/DES_Decoder.vhf" 2018/11/06.14:27:18 P.20131013
EN work/Feistel_MUSER_DES_Decoder 1542465453 \
      FL "C:/Users/Filicz/Documents/workspace/ISE Projects/DES/DES_Decoder.vhf" \
      PB ieee/std_logic_1164 1381692176 PB ieee/NUMERIC_STD 1381692181 LB UNISIM \
      PH unisim/VCOMPONENTS 1381692182
AR work/Feistel_MUSER_DES_Decoder/BEHAVIORAL 1542465454 \
      FL "C:/Users/Filicz/Documents/workspace/ISE Projects/DES/DES_Decoder.vhf" \
      EN work/Feistel_MUSER_DES_Decoder 1542465453 CP expP CP xor48 CP sboxes \
      CP pblockP CP xorLR
EN work/DES_Decoder 1542465455 \
      FL "C:/Users/Filicz/Documents/workspace/ISE Projects/DES/DES_Decoder.vhf" \
      PB ieee/std_logic_1164 1381692176 PB ieee/NUMERIC_STD 1381692181 LB UNISIM \
      PH unisim/VCOMPONENTS 1381692182
AR work/DES_Decoder/BEHAVIORAL 1542465456 \
      FL "C:/Users/Filicz/Documents/workspace/ISE Projects/DES/DES_Decoder.vhf" \
      EN work/DES_Decoder 1542465455 CP IP CP Feistel_MUSER_DES_Decoder CP PC1 \
      CP PC2 CP syncReg CP rotR1 CP rotR2 CP revIP
FL "C:/Users/Filicz/Documents/workspace/ISE Projects/DES/display.vhd" 2018/11/06.15:29:00 P.20131013
EN work/display 1542465441 \
      FL "C:/Users/Filicz/Documents/workspace/ISE Projects/DES/display.vhd" \
      PB ieee/std_logic_1164 1381692176 PB ieee/NUMERIC_STD 1381692181 \
      PB ieee/MATH_REAL 1381692182 PB ieee/std_logic_arith 1381692177 \
      PB ieee/STD_LOGIC_UNSIGNED 1381692179
AR work/display/Behavioral 1542465442 \
      FL "C:/Users/Filicz/Documents/workspace/ISE Projects/DES/display.vhd" \
      EN work/display 1542465441
FL "C:/Users/Filicz/Documents/workspace/ISE Projects/DES/expP.vhd" 2018/06/29.21:58:48 P.20131013
EN work/expP 1542465411 \
      FL "C:/Users/Filicz/Documents/workspace/ISE Projects/DES/expP.vhd" \
      PB ieee/std_logic_1164 1381692176
AR work/expP/behavior 1542465412 \
      FL "C:/Users/Filicz/Documents/workspace/ISE Projects/DES/expP.vhd" \
      EN work/expP 1542465411
FL "C:/Users/Filicz/Documents/workspace/ISE Projects/DES/Feistel.vhf" 2018/10/24.11:20:20 P.20131013
EN work/Feistel 1542465459 \
      FL "C:/Users/Filicz/Documents/workspace/ISE Projects/DES/Feistel.vhf" \
      PB ieee/std_logic_1164 1381692176 PB ieee/NUMERIC_STD 1381692181 LB UNISIM \
      PH unisim/VCOMPONENTS 1381692182
AR work/Feistel/BEHAVIORAL 1542465460 \
      FL "C:/Users/Filicz/Documents/workspace/ISE Projects/DES/Feistel.vhf" \
      EN work/Feistel 1542465459 CP expP CP xor48 CP sboxes CP pblockP CP xorLR
FL "C:/Users/Filicz/Documents/workspace/ISE Projects/DES/inputModule.vhd" 2018/11/06.15:39:38 P.20131013
EN work/inputModule 1542465443 \
      FL "C:/Users/Filicz/Documents/workspace/ISE Projects/DES/inputModule.vhd" \
      PB ieee/std_logic_1164 1381692176 PB ieee/NUMERIC_STD 1381692181 \
      PB ieee/MATH_REAL 1381692182 PB ieee/std_logic_arith 1381692177 \
      PB ieee/STD_LOGIC_UNSIGNED 1381692179
AR work/inputModule/Behavioral 1542465444 \
      FL "C:/Users/Filicz/Documents/workspace/ISE Projects/DES/inputModule.vhd" \
      EN work/inputModule 1542465443
FL "C:/Users/Filicz/Documents/workspace/ISE Projects/DES/IP.vhd" 2018/06/29.18:47:06 P.20131013
EN work/IP 1542465423 \
      FL "C:/Users/Filicz/Documents/workspace/ISE Projects/DES/IP.vhd" \
      PB ieee/std_logic_1164 1381692176
AR work/IP/behavior 1542465424 \
      FL "C:/Users/Filicz/Documents/workspace/ISE Projects/DES/IP.vhd" EN work/IP 1542465423
FL "C:/Users/Filicz/Documents/workspace/ISE Projects/DES/keyBuffer.vhf" 2018/11/06.14:34:58 P.20131013
EN work/keyBuffer 1542465457 \
      FL "C:/Users/Filicz/Documents/workspace/ISE Projects/DES/keyBuffer.vhf" \
      PB ieee/std_logic_1164 1381692176 PB ieee/NUMERIC_STD 1381692181 LB UNISIM \
      PH unisim/VCOMPONENTS 1381692182
AR work/keyBuffer/BEHAVIORAL 1542465458 \
      FL "C:/Users/Filicz/Documents/workspace/ISE Projects/DES/keyBuffer.vhf" \
      EN work/keyBuffer 1542465457 CP keySyncReg
FL "C:/Users/Filicz/Documents/workspace/ISE Projects/DES/keyGen.vhd" 2018/11/06.13:39:10 P.20131013
EN work/keyGen 1542465439 \
      FL "C:/Users/Filicz/Documents/workspace/ISE Projects/DES/keyGen.vhd" \
      PB ieee/std_logic_1164 1381692176 PB ieee/NUMERIC_STD 1381692181
AR work/keyGen/Behavioral 1542465440 \
      FL "C:/Users/Filicz/Documents/workspace/ISE Projects/DES/keyGen.vhd" \
      EN work/keyGen 1542465439
FL "C:/Users/Filicz/Documents/workspace/ISE Projects/DES/keySyncReg.vhd" 2018/11/06.13:50:24 P.20131013
EN work/keySyncReg 1542465421 \
      FL "C:/Users/Filicz/Documents/workspace/ISE Projects/DES/keySyncReg.vhd" \
      PB ieee/std_logic_1164 1381692176
AR work/keySyncReg/Behavioral 1542465422 \
      FL "C:/Users/Filicz/Documents/workspace/ISE Projects/DES/keySyncReg.vhd" \
      EN work/keySyncReg 1542465421
FL "C:/Users/Filicz/Documents/workspace/ISE Projects/DES/pblockP.vhd" 2018/06/29.22:42:28 P.20131013
EN work/pblockP 1542465417 \
      FL "C:/Users/Filicz/Documents/workspace/ISE Projects/DES/pblockP.vhd" \
      PB ieee/std_logic_1164 1381692176
AR work/pblockP/behavior 1542465418 \
      FL "C:/Users/Filicz/Documents/workspace/ISE Projects/DES/pblockP.vhd" \
      EN work/pblockP 1542465417
FL "C:/Users/Filicz/Documents/workspace/ISE Projects/DES/PC1.vhd" 2018/06/29.18:47:14 P.20131013
EN work/PC1 1542465425 \
      FL "C:/Users/Filicz/Documents/workspace/ISE Projects/DES/PC1.vhd" \
      PB ieee/std_logic_1164 1381692176
AR work/PC1/behavior 1542465426 \
      FL "C:/Users/Filicz/Documents/workspace/ISE Projects/DES/PC1.vhd" \
      EN work/PC1 1542465425
FL "C:/Users/Filicz/Documents/workspace/ISE Projects/DES/PC2.vhd" 2018/06/29.21:56:22 P.20131013
EN work/PC2 1542465427 \
      FL "C:/Users/Filicz/Documents/workspace/ISE Projects/DES/PC2.vhd" \
      PB ieee/std_logic_1164 1381692176
AR work/PC2/behavior 1542465428 \
      FL "C:/Users/Filicz/Documents/workspace/ISE Projects/DES/PC2.vhd" \
      EN work/PC2 1542465427
FL "C:/Users/Filicz/Documents/workspace/ISE Projects/DES/revIP.vhd" 2018/06/29.21:54:38 P.20131013
EN work/revIP 1542465435 \
      FL "C:/Users/Filicz/Documents/workspace/ISE Projects/DES/revIP.vhd" \
      PB ieee/std_logic_1164 1381692176
AR work/revIP/behavior 1542465436 \
      FL "C:/Users/Filicz/Documents/workspace/ISE Projects/DES/revIP.vhd" \
      EN work/revIP 1542465435
FL "C:/Users/Filicz/Documents/workspace/ISE Projects/DES/rotR1.vhd" 2018/06/30.12:20:26 P.20131013
EN work/rotR1 1542465431 \
      FL "C:/Users/Filicz/Documents/workspace/ISE Projects/DES/rotR1.vhd" \
      PB ieee/std_logic_1164 1381692176
AR work/rotR1/Behavioral 1542465432 \
      FL "C:/Users/Filicz/Documents/workspace/ISE Projects/DES/rotR1.vhd" \
      EN work/rotR1 1542465431
FL "C:/Users/Filicz/Documents/workspace/ISE Projects/DES/rotR2.vhd" 2018/06/30.12:21:08 P.20131013
EN work/rotR2 1542465433 \
      FL "C:/Users/Filicz/Documents/workspace/ISE Projects/DES/rotR2.vhd" \
      PB ieee/std_logic_1164 1381692176
AR work/rotR2/Behavioral 1542465434 \
      FL "C:/Users/Filicz/Documents/workspace/ISE Projects/DES/rotR2.vhd" \
      EN work/rotR2 1542465433
FL "C:/Users/Filicz/Documents/workspace/ISE Projects/DES/sboxes.vhd" 2018/06/29.22:57:26 P.20131013
EN work/sboxes 1542465415 \
      FL "C:/Users/Filicz/Documents/workspace/ISE Projects/DES/sboxes.vhd" \
      PB ieee/std_logic_1164 1381692176
AR work/sboxes/behavior 1542465416 \
      FL "C:/Users/Filicz/Documents/workspace/ISE Projects/DES/sboxes.vhd" \
      EN work/sboxes 1542465415 CP sbox_0 CP sbox_1 CP sbox_2 CP sbox_3 CP sbox_4 \
      CP sbox_5 CP sbox_6 CP sbox_7
FL "C:/Users/Filicz/Documents/workspace/ISE Projects/DES/sbox_0.vhd" 2018/06/29.22:35:12 P.20131013
EN work/sbox_0 1542465395 \
      FL "C:/Users/Filicz/Documents/workspace/ISE Projects/DES/sbox_0.vhd" \
      PB ieee/std_logic_1164 1381692176 PB ieee/NUMERIC_STD 1381692181
AR work/sbox_0/behavior 1542465396 \
      FL "C:/Users/Filicz/Documents/workspace/ISE Projects/DES/sbox_0.vhd" \
      EN work/sbox_0 1542465395
FL "C:/Users/Filicz/Documents/workspace/ISE Projects/DES/sbox_1.vhd" 2018/06/29.22:35:20 P.20131013
EN work/sbox_1 1542465397 \
      FL "C:/Users/Filicz/Documents/workspace/ISE Projects/DES/sbox_1.vhd" \
      PB ieee/std_logic_1164 1381692176 PB ieee/NUMERIC_STD 1381692181
AR work/sbox_1/behavior 1542465398 \
      FL "C:/Users/Filicz/Documents/workspace/ISE Projects/DES/sbox_1.vhd" \
      EN work/sbox_1 1542465397
FL "C:/Users/Filicz/Documents/workspace/ISE Projects/DES/sbox_2.vhd" 2018/06/29.22:35:24 P.20131013
EN work/sbox_2 1542465399 \
      FL "C:/Users/Filicz/Documents/workspace/ISE Projects/DES/sbox_2.vhd" \
      PB ieee/std_logic_1164 1381692176 PB ieee/NUMERIC_STD 1381692181
AR work/sbox_2/behavior 1542465400 \
      FL "C:/Users/Filicz/Documents/workspace/ISE Projects/DES/sbox_2.vhd" \
      EN work/sbox_2 1542465399
FL "C:/Users/Filicz/Documents/workspace/ISE Projects/DES/sbox_3.vhd" 2018/06/29.22:51:22 P.20131013
EN work/sbox_3 1542465401 \
      FL "C:/Users/Filicz/Documents/workspace/ISE Projects/DES/sbox_3.vhd" \
      PB ieee/std_logic_1164 1381692176 PB ieee/NUMERIC_STD 1381692181
AR work/sbox_3/behavior 1542465402 \
      FL "C:/Users/Filicz/Documents/workspace/ISE Projects/DES/sbox_3.vhd" \
      EN work/sbox_3 1542465401
FL "C:/Users/Filicz/Documents/workspace/ISE Projects/DES/sbox_4.vhd" 2018/06/29.22:36:24 P.20131013
EN work/sbox_4 1542465403 \
      FL "C:/Users/Filicz/Documents/workspace/ISE Projects/DES/sbox_4.vhd" \
      PB ieee/std_logic_1164 1381692176 PB ieee/NUMERIC_STD 1381692181
AR work/sbox_4/behavior 1542465404 \
      FL "C:/Users/Filicz/Documents/workspace/ISE Projects/DES/sbox_4.vhd" \
      EN work/sbox_4 1542465403
FL "C:/Users/Filicz/Documents/workspace/ISE Projects/DES/sbox_5.vhd" 2018/06/29.22:37:44 P.20131013
EN work/sbox_5 1542465405 \
      FL "C:/Users/Filicz/Documents/workspace/ISE Projects/DES/sbox_5.vhd" \
      PB ieee/std_logic_1164 1381692176 PB ieee/NUMERIC_STD 1381692181
AR work/sbox_5/behavior 1542465406 \
      FL "C:/Users/Filicz/Documents/workspace/ISE Projects/DES/sbox_5.vhd" \
      EN work/sbox_5 1542465405
FL "C:/Users/Filicz/Documents/workspace/ISE Projects/DES/sbox_6.vhd" 2018/06/29.22:39:22 P.20131013
EN work/sbox_6 1542465407 \
      FL "C:/Users/Filicz/Documents/workspace/ISE Projects/DES/sbox_6.vhd" \
      PB ieee/std_logic_1164 1381692176 PB ieee/NUMERIC_STD 1381692181
AR work/sbox_6/behavior 1542465408 \
      FL "C:/Users/Filicz/Documents/workspace/ISE Projects/DES/sbox_6.vhd" \
      EN work/sbox_6 1542465407
FL "C:/Users/Filicz/Documents/workspace/ISE Projects/DES/sbox_7.vhd" 2018/06/29.22:40:26 P.20131013
EN work/sbox_7 1542465409 \
      FL "C:/Users/Filicz/Documents/workspace/ISE Projects/DES/sbox_7.vhd" \
      PB ieee/std_logic_1164 1381692176 PB ieee/NUMERIC_STD 1381692181
AR work/sbox_7/behavior 1542465410 \
      FL "C:/Users/Filicz/Documents/workspace/ISE Projects/DES/sbox_7.vhd" \
      EN work/sbox_7 1542465409
FL "C:/Users/Filicz/Documents/workspace/ISE Projects/DES/syncReg.vhd" 2018/11/06.14:12:40 P.20131013
EN work/syncReg 1542465429 \
      FL "C:/Users/Filicz/Documents/workspace/ISE Projects/DES/syncReg.vhd" \
      PB ieee/std_logic_1164 1381692176
AR work/syncReg/Behavioral 1542465430 \
      FL "C:/Users/Filicz/Documents/workspace/ISE Projects/DES/syncReg.vhd" \
      EN work/syncReg 1542465429
FL "C:/Users/Filicz/Documents/workspace/ISE Projects/DES/xor48.vhd" 2018/06/29.22:00:22 P.20131013
EN work/xor48 1542465413 \
      FL "C:/Users/Filicz/Documents/workspace/ISE Projects/DES/xor48.vhd" \
      PB ieee/std_logic_1164 1381692176
AR work/xor48/Behavioral 1542465414 \
      FL "C:/Users/Filicz/Documents/workspace/ISE Projects/DES/xor48.vhd" \
      EN work/xor48 1542465413
FL "C:/Users/Filicz/Documents/workspace/ISE Projects/DES/xorLR.vhd" 2018/06/29.22:12:00 P.20131013
EN work/xorLR 1542465419 \
      FL "C:/Users/Filicz/Documents/workspace/ISE Projects/DES/xorLR.vhd" \
      PB ieee/std_logic_1164 1381692176
AR work/xorLR/Behavioral 1542465420 \
      FL "C:/Users/Filicz/Documents/workspace/ISE Projects/DES/xorLR.vhd" \
      EN work/xorLR 1542465419
FL "C:/Users/Filip/Documents/workspace/ISE Projects/DES/cmpPT.vhd" 2018/11/06.13:44:02 P.20131013
FL "C:/Users/Filip/Documents/workspace/ISE Projects/DES/DES_Cryptanalysis.vhf" 2018/11/06.15:53:43 P.20131013
FL "C:/Users/Filip/Documents/workspace/ISE Projects/DES/DES_Decoder.vhf" 2018/11/06.14:27:16 P.20131013
FL "C:/Users/Filip/Documents/workspace/ISE Projects/DES/display.vhd" 2018/11/06.15:28:59 P.20131013
FL "C:/Users/Filip/Documents/workspace/ISE Projects/DES/expP.vhd" 2018/06/29.21:58:48 P.20131013
FL "C:/Users/Filip/Documents/workspace/ISE Projects/DES/Feistel.vhf" 2018/10/24.11:20:20 P.20131013
FL "C:/Users/Filip/Documents/workspace/ISE Projects/DES/inputModule.vhd" 2018/11/06.15:39:37 P.20131013
FL "C:/Users/Filip/Documents/workspace/ISE Projects/DES/IP.vhd" 2018/06/29.18:47:06 P.20131013
FL "C:/Users/Filip/Documents/workspace/ISE Projects/DES/keyBuffer.vhf" 2018/11/06.14:34:56 P.20131013
FL "C:/Users/Filip/Documents/workspace/ISE Projects/DES/keyGen.vhd" 2018/11/06.13:39:09 P.20131013
FL "C:/Users/Filip/Documents/workspace/ISE Projects/DES/keySyncReg.vhd" 2018/11/06.13:50:23 P.20131013
FL "C:/Users/Filip/Documents/workspace/ISE Projects/DES/pblockP.vhd" 2018/06/29.22:42:28 P.20131013
FL "C:/Users/Filip/Documents/workspace/ISE Projects/DES/PC1.vhd" 2018/06/29.18:47:14 P.20131013
FL "C:/Users/Filip/Documents/workspace/ISE Projects/DES/PC2.vhd" 2018/06/29.21:56:22 P.20131013
FL "C:/Users/Filip/Documents/workspace/ISE Projects/DES/revIP.vhd" 2018/06/29.21:54:38 P.20131013
FL "C:/Users/Filip/Documents/workspace/ISE Projects/DES/rotR1.vhd" 2018/06/30.12:20:26 P.20131013
FL "C:/Users/Filip/Documents/workspace/ISE Projects/DES/rotR2.vhd" 2018/06/30.12:21:08 P.20131013
FL "C:/Users/Filip/Documents/workspace/ISE Projects/DES/sboxes.vhd" 2018/06/29.22:57:26 P.20131013
FL "C:/Users/Filip/Documents/workspace/ISE Projects/DES/sbox_0.vhd" 2018/06/29.22:35:12 P.20131013
FL "C:/Users/Filip/Documents/workspace/ISE Projects/DES/sbox_1.vhd" 2018/06/29.22:35:20 P.20131013
FL "C:/Users/Filip/Documents/workspace/ISE Projects/DES/sbox_2.vhd" 2018/06/29.22:35:24 P.20131013
FL "C:/Users/Filip/Documents/workspace/ISE Projects/DES/sbox_3.vhd" 2018/06/29.22:51:22 P.20131013
FL "C:/Users/Filip/Documents/workspace/ISE Projects/DES/sbox_4.vhd" 2018/06/29.22:36:24 P.20131013
FL "C:/Users/Filip/Documents/workspace/ISE Projects/DES/sbox_5.vhd" 2018/06/29.22:37:44 P.20131013
FL "C:/Users/Filip/Documents/workspace/ISE Projects/DES/sbox_6.vhd" 2018/06/29.22:39:22 P.20131013
FL "C:/Users/Filip/Documents/workspace/ISE Projects/DES/sbox_7.vhd" 2018/06/29.22:40:26 P.20131013
FL "C:/Users/Filip/Documents/workspace/ISE Projects/DES/syncReg.vhd" 2018/11/06.14:12:39 P.20131013
FL "C:/Users/Filip/Documents/workspace/ISE Projects/DES/xor48.vhd" 2018/06/29.22:00:22 P.20131013
FL "C:/Users/Filip/Documents/workspace/ISE Projects/DES/xorLR.vhd" 2018/06/29.22:12:00 P.20131013
